07-02 21:27:34.003 27956-28220/ph.edu.dlsu.cmt D/CameraBridge: mStretch value: 1.3333334
07-02 21:27:34.023 27956-28220/ph.edu.dlsu.cmt D/FpsMeter: 14.93 FPS@1920x1080
07-02 21:27:34.053 27956-27956/ph.edu.dlsu.cmt D/JavaCameraView: Preview Frame received. Frame size: 3110400
07-02 21:27:34.063 27956-28220/ph.edu.dlsu.cmt I/CameraActivity: TAG: on camera frame here
07-02 21:27:34.063 27956-28220/ph.edu.dlsu.cmt I/CameraActivity: TAG: case VIEW_MODE_RGBA
07-02 21:27:34.093 27956-28220/ph.edu.dlsu.cmt D/CameraBridge: mStretch value: 1.3333334
07-02 21:27:34.113 27956-28220/ph.edu.dlsu.cmt D/FpsMeter: 14.93 FPS@1920x1080
07-02 21:27:34.123 27956-27956/ph.edu.dlsu.cmt D/JavaCameraView: Preview Frame received. Frame size: 3110400
07-02 21:27:34.123 27956-28220/ph.edu.dlsu.cmt I/CameraActivity: TAG: on camera frame here
07-02 21:27:34.123 27956-28220/ph.edu.dlsu.cmt I/CameraActivity: TAG: case VIEW_MODE_RGBA
07-02 21:27:34.173 27956-28220/ph.edu.dlsu.cmt D/CameraBridge: mStretch value: 1.3333334
07-02 21:27:34.193 27956-28220/ph.edu.dlsu.cmt D/FpsMeter: 14.93 FPS@1920x1080
07-02 21:27:34.213 27956-27956/ph.edu.dlsu.cmt D/JavaCameraView: Preview Frame received. Frame size: 3110400
07-02 21:27:34.213 27956-28220/ph.edu.dlsu.cmt I/CameraActivity: TAG: on camera frame here
07-02 21:27:34.213 27956-28220/ph.edu.dlsu.cmt I/CameraActivity: TAG: case VIEW_MODE_RGBA
07-02 21:27:34.253 27956-28220/ph.edu.dlsu.cmt D/CameraBridge: mStretch value: 1.3333334
07-02 21:27:34.273 27956-28220/ph.edu.dlsu.cmt D/FpsMeter: 14.93 FPS@1920x1080
07-02 21:27:34.273 27956-27956/ph.edu.dlsu.cmt D/JavaCameraView: Preview Frame received. Frame size: 3110400
07-02 21:27:34.273 27956-28220/ph.edu.dlsu.cmt I/CameraActivity: TAG: on camera frame here
07-02 21:27:34.273 27956-28220/ph.edu.dlsu.cmt I/CameraActivity: TAG: case VIEW_MODE_RGBA
07-02 21:27:34.333 27956-28220/ph.edu.dlsu.cmt D/CameraBridge: mStretch value: 1.3333334
07-02 21:27:34.353 27956-28220/ph.edu.dlsu.cmt D/FpsMeter: 14.93 FPS@1920x1080
07-02 21:27:34.353 27956-27956/ph.edu.dlsu.cmt D/JavaCameraView: Preview Frame received. Frame size: 3110400
07-02 21:27:34.363 27956-28220/ph.edu.dlsu.cmt I/CameraActivity: TAG: on camera frame here
07-02 21:27:34.363 27956-28220/ph.edu.dlsu.cmt I/CameraActivity: TAG: case VIEW_MODE_RGBA
07-02 21:27:34.393 27956-28220/ph.edu.dlsu.cmt D/CameraBridge: mStretch value: 1.3333334
07-02 21:27:34.413 27956-28220/ph.edu.dlsu.cmt D/FpsMeter: 14.93 FPS@1920x1080
07-02 21:27:34.433 27956-27956/ph.edu.dlsu.cmt D/JavaCameraView: Preview Frame received. Frame size: 3110400
07-02 21:27:34.433 27956-28220/ph.edu.dlsu.cmt I/CameraActivity: TAG: on camera frame here
07-02 21:27:34.433 27956-28220/ph.edu.dlsu.cmt I/CameraActivity: TAG: case VIEW_MODE_RGBA
07-02 21:27:34.463 27956-28220/ph.edu.dlsu.cmt D/CameraBridge: mStretch value: 1.3333334
07-02 21:27:34.483 27956-28220/ph.edu.dlsu.cmt D/FpsMeter: 14.93 FPS@1920x1080
07-02 21:27:34.483 27956-27956/ph.edu.dlsu.cmt D/JavaCameraView: Preview Frame received. Frame size: 3110400
07-02 21:27:34.493 27956-28220/ph.edu.dlsu.cmt I/CameraActivity: TAG: on camera frame here
07-02 21:27:34.493 27956-28220/ph.edu.dlsu.cmt I/CameraActivity: TAG: case VIEW_MODE_RGBA
07-02 21:27:34.503 27956-27956/ph.edu.dlsu.cmt D/ViewRootImpl: ViewPostImeInputStage processPointer 0
07-02 21:27:34.503 27956-27956/ph.edu.dlsu.cmt I/CameraActivity: TAG: found touch
07-02 21:27:34.503 27956-27956/ph.edu.dlsu.cmt I/TAG: TAG: 1st corner: {1157.5, 1005.8203125}
07-02 21:27:34.523 27956-28220/ph.edu.dlsu.cmt D/CameraBridge: mStretch value: 1.3333334
07-02 21:27:34.533 27956-27956/ph.edu.dlsu.cmt D/JavaCameraView: Preview Frame received. Frame size: 3110400
07-02 21:27:34.543 27956-28220/ph.edu.dlsu.cmt D/FpsMeter: 14.93 FPS@1920x1080
07-02 21:27:34.553 27956-27956/ph.edu.dlsu.cmt I/CameraActivity: TAG: found touch
07-02 21:27:34.553 27956-27956/ph.edu.dlsu.cmt I/CameraActivity: TAG: action_move branch
07-02 21:27:34.553 27956-28220/ph.edu.dlsu.cmt I/CameraActivity: TAG: on camera frame here
07-02 21:27:34.553 27956-28220/ph.edu.dlsu.cmt I/CameraActivity: TAG: case VIEW_MODE_RGBA
07-02 21:27:34.593 27956-27956/ph.edu.dlsu.cmt I/CameraActivity: TAG: found touch
07-02 21:27:34.593 27956-27956/ph.edu.dlsu.cmt I/CameraActivity: TAG: action_move branch
07-02 21:27:34.593 27956-28220/ph.edu.dlsu.cmt D/CameraBridge: mStretch value: 1.3333334
07-02 21:27:34.613 27956-28220/ph.edu.dlsu.cmt D/FpsMeter: 14.93 FPS@1920x1080
07-02 21:27:34.653 27956-27956/ph.edu.dlsu.cmt D/JavaCameraView: Preview Frame received. Frame size: 3110400
07-02 21:27:34.653 27956-28220/ph.edu.dlsu.cmt I/CameraActivity: TAG: on camera frame here
07-02 21:27:34.653 27956-28220/ph.edu.dlsu.cmt I/CameraActivity: TAG: case VIEW_MODE_RGBA
07-02 21:27:34.683 27956-27956/ph.edu.dlsu.cmt I/CameraActivity: TAG: found touch
07-02 21:27:34.683 27956-27956/ph.edu.dlsu.cmt I/CameraActivity: TAG: action_move branch
07-02 21:27:34.693 27956-28220/ph.edu.dlsu.cmt D/CameraBridge: mStretch value: 1.3333334
07-02 21:27:34.723 27956-28220/ph.edu.dlsu.cmt D/FpsMeter: 14.93 FPS@1920x1080
07-02 21:27:34.783 27956-27956/ph.edu.dlsu.cmt D/JavaCameraView: Preview Frame received. Frame size: 3110400
07-02 21:27:34.783 27956-28220/ph.edu.dlsu.cmt I/CameraActivity: TAG: on camera frame here
07-02 21:27:34.783 27956-28220/ph.edu.dlsu.cmt I/CameraActivity: TAG: case VIEW_MODE_RGBA
07-02 21:27:34.803 27956-27956/ph.edu.dlsu.cmt I/CameraActivity: TAG: found touch
07-02 21:27:34.803 27956-27956/ph.edu.dlsu.cmt I/CameraActivity: TAG: action_move branch
07-02 21:27:34.803 27956-28220/ph.edu.dlsu.cmt D/CameraBridge: mStretch value: 1.3333334
07-02 21:27:34.833 27956-28220/ph.edu.dlsu.cmt D/FpsMeter: 14.93 FPS@1920x1080
07-02 21:27:34.873 27956-27956/ph.edu.dlsu.cmt D/JavaCameraView: Preview Frame received. Frame size: 3110400
07-02 21:27:34.873 27956-28220/ph.edu.dlsu.cmt I/CameraActivity: TAG: on camera frame here
07-02 21:27:34.873 27956-28220/ph.edu.dlsu.cmt I/CameraActivity: TAG: case VIEW_MODE_RGBA
07-02 21:27:34.893 27956-27956/ph.edu.dlsu.cmt I/CameraActivity: TAG: found touch
07-02 21:27:34.893 27956-27956/ph.edu.dlsu.cmt I/CameraActivity: TAG: action_move branch
07-02 21:27:34.933 27956-28220/ph.edu.dlsu.cmt D/CameraBridge: mStretch value: 1.3333334
07-02 21:27:34.933 27956-27956/ph.edu.dlsu.cmt I/CameraActivity: TAG: found touch
07-02 21:27:34.933 27956-27956/ph.edu.dlsu.cmt I/CameraActivity: TAG: action_move branch
07-02 21:27:34.983 27956-28220/ph.edu.dlsu.cmt I/FpsMeter: 12.84 FPS@1920x1080
07-02 21:27:34.983 27956-28220/ph.edu.dlsu.cmt D/FpsMeter: 12.84 FPS@1920x1080
07-02 21:27:35.013 27956-27956/ph.edu.dlsu.cmt D/JavaCameraView: Preview Frame received. Frame size: 3110400
07-02 21:27:35.013 27956-28220/ph.edu.dlsu.cmt I/CameraActivity: TAG: on camera frame here
07-02 21:27:35.013 27956-28220/ph.edu.dlsu.cmt I/CameraActivity: TAG: case VIEW_MODE_RGBA
07-02 21:27:35.033 27956-27956/ph.edu.dlsu.cmt I/CameraActivity: TAG: found touch
07-02 21:27:35.033 27956-27956/ph.edu.dlsu.cmt I/CameraActivity: TAG: action_move branch
07-02 21:27:35.063 27956-27956/ph.edu.dlsu.cmt D/JavaCameraView: Preview Frame received. Frame size: 3110400
07-02 21:27:35.073 27956-28220/ph.edu.dlsu.cmt D/CameraBridge: mStretch value: 1.3333334
07-02 21:27:35.073 27956-27956/ph.edu.dlsu.cmt I/CameraActivity: TAG: found touch
07-02 21:27:35.073 27956-27956/ph.edu.dlsu.cmt I/CameraActivity: TAG: action_move branch
07-02 21:27:35.123 27956-28220/ph.edu.dlsu.cmt D/FpsMeter: 12.84 FPS@1920x1080
07-02 21:27:35.123 27956-28220/ph.edu.dlsu.cmt I/CameraActivity: TAG: on camera frame here
07-02 21:27:35.123 27956-28220/ph.edu.dlsu.cmt I/CameraActivity: TAG: case VIEW_MODE_RGBA
07-02 21:27:35.153 27956-27956/ph.edu.dlsu.cmt D/JavaCameraView: Preview Frame received. Frame size: 3110400
07-02 21:27:35.153 27956-28220/ph.edu.dlsu.cmt D/CameraBridge: mStretch value: 1.3333334
07-02 21:27:35.173 27956-27956/ph.edu.dlsu.cmt I/CameraActivity: TAG: found touch
07-02 21:27:35.173 27956-27956/ph.edu.dlsu.cmt I/CameraActivity: TAG: action_move branch
07-02 21:27:35.183 27956-28220/ph.edu.dlsu.cmt D/FpsMeter: 12.84 FPS@1920x1080
07-02 21:27:35.183 27956-28220/ph.edu.dlsu.cmt I/CameraActivity: TAG: on camera frame here
07-02 21:27:35.183 27956-28220/ph.edu.dlsu.cmt I/CameraActivity: TAG: case VIEW_MODE_RGBA
07-02 21:27:35.213 27956-27956/ph.edu.dlsu.cmt D/JavaCameraView: Preview Frame received. Frame size: 3110400
07-02 21:27:35.223 27956-28220/ph.edu.dlsu.cmt D/CameraBridge: mStretch value: 1.3333334
07-02 21:27:35.233 27956-27956/ph.edu.dlsu.cmt I/CameraActivity: TAG: found touch
07-02 21:27:35.233 27956-27956/ph.edu.dlsu.cmt I/CameraActivity: TAG: action_move branch
07-02 21:27:35.243 27956-28220/ph.edu.dlsu.cmt D/FpsMeter: 12.84 FPS@1920x1080
07-02 21:27:35.253 27956-28220/ph.edu.dlsu.cmt I/CameraActivity: TAG: on camera frame here
07-02 21:27:35.253 27956-28220/ph.edu.dlsu.cmt I/CameraActivity: TAG: case VIEW_MODE_RGBA
07-02 21:27:35.293 27956-27956/ph.edu.dlsu.cmt D/JavaCameraView: Preview Frame received. Frame size: 3110400
07-02 21:27:35.293 27956-28220/ph.edu.dlsu.cmt D/CameraBridge: mStretch value: 1.3333334
07-02 21:27:35.303 27956-27956/ph.edu.dlsu.cmt I/CameraActivity: TAG: found touch
07-02 21:27:35.303 27956-27956/ph.edu.dlsu.cmt I/CameraActivity: TAG: action_move branch
07-02 21:27:35.333 27956-28220/ph.edu.dlsu.cmt D/FpsMeter: 12.84 FPS@1920x1080
07-02 21:27:35.333 27956-28220/ph.edu.dlsu.cmt I/CameraActivity: TAG: on camera frame here
07-02 21:27:35.333 27956-28220/ph.edu.dlsu.cmt I/CameraActivity: TAG: case VIEW_MODE_RGBA
07-02 21:27:35.373 27956-27956/ph.edu.dlsu.cmt D/JavaCameraView: Preview Frame received. Frame size: 3110400
07-02 21:27:35.373 27956-28220/ph.edu.dlsu.cmt D/CameraBridge: mStretch value: 1.3333334
07-02 21:27:35.393 27956-27956/ph.edu.dlsu.cmt I/CameraActivity: TAG: found touch
07-02 21:27:35.393 27956-27956/ph.edu.dlsu.cmt I/CameraActivity: TAG: action_move branch
07-02 21:27:35.403 27956-28220/ph.edu.dlsu.cmt D/FpsMeter: 12.84 FPS@1920x1080
07-02 21:27:35.403 27956-28220/ph.edu.dlsu.cmt I/CameraActivity: TAG: on camera frame here
07-02 21:27:35.403 27956-28220/ph.edu.dlsu.cmt I/CameraActivity: TAG: case VIEW_MODE_RGBA
07-02 21:27:35.433 27956-27956/ph.edu.dlsu.cmt D/JavaCameraView: Preview Frame received. Frame size: 3110400
07-02 21:27:35.443 27956-27956/ph.edu.dlsu.cmt I/CameraActivity: TAG: found touch
07-02 21:27:35.443 27956-27956/ph.edu.dlsu.cmt I/CameraActivity: TAG: action_move branch
07-02 21:27:35.443 27956-28220/ph.edu.dlsu.cmt D/CameraBridge: mStretch value: 1.3333334
07-02 21:27:35.473 27956-28220/ph.edu.dlsu.cmt D/FpsMeter: 12.84 FPS@1920x1080
07-02 21:27:35.483 27956-28220/ph.edu.dlsu.cmt I/CameraActivity: TAG: on camera frame here
07-02 21:27:35.483 27956-28220/ph.edu.dlsu.cmt I/CameraActivity: TAG: case VIEW_MODE_RGBA
07-02 21:27:35.513 27956-27956/ph.edu.dlsu.cmt I/CameraActivity: TAG: found touch
07-02 21:27:35.513 27956-27956/ph.edu.dlsu.cmt I/CameraActivity: TAG: action_move branch
07-02 21:27:35.523 27956-28220/ph.edu.dlsu.cmt D/CameraBridge: mStretch value: 1.3333334
07-02 21:27:35.543 27956-28220/ph.edu.dlsu.cmt D/FpsMeter: 12.84 FPS@1920x1080
07-02 21:27:35.563 27956-27956/ph.edu.dlsu.cmt D/ViewRootImpl: ViewPostImeInputStage processPointer 1
07-02 21:27:35.563 27956-27956/ph.edu.dlsu.cmt I/CameraActivity: TAG: found touch
07-02 21:27:35.563 27956-27956/ph.edu.dlsu.cmt I/TAG: TAG: Tracked box DEFINED: {1157, 602, 559x403}
07-02 21:27:35.563 27956-27956/ph.edu.dlsu.cmt D/JavaCameraView: Preview Frame received. Frame size: 3110400
07-02 21:27:35.563 27956-28220/ph.edu.dlsu.cmt I/CameraActivity: TAG: on camera frame here
07-02 21:27:35.563 27956-28220/ph.edu.dlsu.cmt I/CameraActivity: TAG: case START_TLD
07-02 21:27:35.583 27956-28220/ph.edu.dlsu.cmt I/TAG: TAG: TLD START DEFINED: 578 301 279 201
07-02 21:27:35.603 27956-27956/ph.edu.dlsu.cmt D/JavaCameraView: Preview Frame received. Frame size: 3110400
07-02 21:27:35.633 27956-27956/ph.edu.dlsu.cmt D/JavaCameraView: Preview Frame received. Frame size: 3110400
07-02 21:27:35.683 27956-27956/ph.edu.dlsu.cmt D/JavaCameraView: Preview Frame received. Frame size: 3110400
07-02 21:27:35.733 27956-28220/ph.edu.dlsu.cmt D/CameraBridge: mStretch value: 1.3333334
07-02 21:27:35.743 27956-27956/ph.edu.dlsu.cmt D/JavaCameraView: Preview Frame received. Frame size: 3110400
07-02 21:27:35.753 27956-28220/ph.edu.dlsu.cmt D/FpsMeter: 12.84 FPS@1920x1080
07-02 21:27:35.763 27956-28220/ph.edu.dlsu.cmt I/CameraActivity: TAG: on camera frame here
07-02 21:27:35.763 27956-28220/ph.edu.dlsu.cmt I/CameraActivity: TAG: case VIEW_MODE_FEATURES
07-02 21:27:35.783 27956-27956/ph.edu.dlsu.cmt D/JavaCameraView: Preview Frame received. Frame size: 3110400
07-02 21:27:35.823 27956-27956/ph.edu.dlsu.cmt D/JavaCameraView: Preview Frame received. Frame size: 3110400
07-02 21:27:35.863 27956-27956/ph.edu.dlsu.cmt D/JavaCameraView: Preview Frame received. Frame size: 3110400
07-02 21:27:35.893 27956-27956/ph.edu.dlsu.cmt D/JavaCameraView: Preview Frame received. Frame size: 3110400
07-02 21:27:35.923 27956-27956/ph.edu.dlsu.cmt D/JavaCameraView: Preview Frame received. Frame size: 3110400
07-02 21:27:35.953 27956-28220/ph.edu.dlsu.cmt D/CameraBridge: mStretch value: 1.3333334
07-02 21:27:35.973 27956-28220/ph.edu.dlsu.cmt D/FpsMeter: 12.84 FPS@1920x1080
07-02 21:27:35.973 27956-28220/ph.edu.dlsu.cmt I/CameraActivity: TAG: on camera frame here
07-02 21:27:35.973 27956-28220/ph.edu.dlsu.cmt I/CameraActivity: TAG: case VIEW_MODE_FEATURES
07-02 21:27:35.973 27956-27956/ph.edu.dlsu.cmt D/JavaCameraView: Preview Frame received. Frame size: 3110400
07-02 21:27:36.023 27956-27956/ph.edu.dlsu.cmt D/JavaCameraView: Preview Frame received. Frame size: 3110400
07-02 21:27:36.063 27956-27956/ph.edu.dlsu.cmt D/JavaCameraView: Preview Frame received. Frame size: 3110400
07-02 21:27:36.093 27956-27956/ph.edu.dlsu.cmt D/JavaCameraView: Preview Frame received. Frame size: 3110400
07-02 21:27:36.093 27956-28220/ph.edu.dlsu.cmt D/CameraBridge: mStretch value: 1.3333334
07-02 21:27:36.113 27956-28220/ph.edu.dlsu.cmt D/FpsMeter: 12.84 FPS@1920x1080
07-02 21:27:36.113 27956-28220/ph.edu.dlsu.cmt I/CameraActivity: TAG: on camera frame here
07-02 21:27:36.113 27956-28220/ph.edu.dlsu.cmt I/CameraActivity: TAG: case VIEW_MODE_FEATURES
07-02 21:27:36.133 27956-27956/ph.edu.dlsu.cmt D/JavaCameraView: Preview Frame received. Frame size: 3110400
07-02 21:27:36.193 27956-27956/ph.edu.dlsu.cmt D/JavaCameraView: Preview Frame received. Frame size: 3110400
07-02 21:27:36.223 27956-27956/ph.edu.dlsu.cmt D/JavaCameraView: Preview Frame received. Frame size: 3110400
07-02 21:27:36.253 27956-28220/ph.edu.dlsu.cmt D/CameraBridge: mStretch value: 1.3333334
07-02 21:27:36.263 27956-27956/ph.edu.dlsu.cmt D/JavaCameraView: Preview Frame received. Frame size: 3110400
07-02 21:27:36.273 27956-28220/ph.edu.dlsu.cmt D/FpsMeter: 12.84 FPS@1920x1080
07-02 21:27:36.273 27956-28220/ph.edu.dlsu.cmt I/CameraActivity: TAG: on camera frame here
07-02 21:27:36.273 27956-28220/ph.edu.dlsu.cmt I/CameraActivity: TAG: case VIEW_MODE_FEATURES
07-02 21:27:36.313 27956-27956/ph.edu.dlsu.cmt D/JavaCameraView: Preview Frame received. Frame size: 3110400
07-02 21:27:36.363 27956-27956/ph.edu.dlsu.cmt D/JavaCameraView: Preview Frame received. Frame size: 3110400
07-02 21:27:36.393 27956-28220/ph.edu.dlsu.cmt D/CameraBridge: mStretch value: 1.3333334
07-02 21:27:36.413 27956-27956/ph.edu.dlsu.cmt D/JavaCameraView: Preview Frame received. Frame size: 3110400
07-02 21:27:36.413 27956-28220/ph.edu.dlsu.cmt D/FpsMeter: 12.84 FPS@1920x1080
07-02 21:27:36.423 27956-28220/ph.edu.dlsu.cmt I/CameraActivity: TAG: on camera frame here
07-02 21:27:36.423 27956-28220/ph.edu.dlsu.cmt I/CameraActivity: TAG: case VIEW_MODE_FEATURES
07-02 21:27:36.473 27956-27956/ph.edu.dlsu.cmt D/JavaCameraView: Preview Frame received. Frame size: 3110400
07-02 21:27:36.523 27956-27956/ph.edu.dlsu.cmt D/JavaCameraView: Preview Frame received. Frame size: 3110400
07-02 21:27:36.543 27956-28220/ph.edu.dlsu.cmt D/CameraBridge: mStretch value: 1.3333334
07-02 21:27:36.563 27956-27956/ph.edu.dlsu.cmt D/JavaCameraView: Preview Frame received. Frame size: 3110400
07-02 21:27:36.563 27956-28220/ph.edu.dlsu.cmt D/FpsMeter: 12.84 FPS@1920x1080
07-02 21:27:36.573 27956-28220/ph.edu.dlsu.cmt I/CameraActivity: TAG: on camera frame here
07-02 21:27:36.573 27956-28220/ph.edu.dlsu.cmt I/CameraActivity: TAG: case VIEW_MODE_FEATURES
07-02 21:27:36.603 27956-27956/ph.edu.dlsu.cmt D/JavaCameraView: Preview Frame received. Frame size: 3110400
07-02 21:27:36.633 27956-27956/ph.edu.dlsu.cmt D/JavaCameraView: Preview Frame received. Frame size: 3110400
07-02 21:27:36.663 27956-27956/ph.edu.dlsu.cmt D/JavaCameraView: Preview Frame received. Frame size: 3110400
07-02 21:27:36.693 27956-27956/ph.edu.dlsu.cmt D/JavaCameraView: Preview Frame received. Frame size: 3110400
07-02 21:27:36.713 27956-28220/ph.edu.dlsu.cmt D/CameraBridge: mStretch value: 1.3333334
07-02 21:27:36.723 27956-27956/ph.edu.dlsu.cmt D/JavaCameraView: Preview Frame received. Frame size: 3110400
07-02 21:27:36.733 27956-28220/ph.edu.dlsu.cmt D/FpsMeter: 12.84 FPS@1920x1080
07-02 21:27:36.733 27956-28220/ph.edu.dlsu.cmt I/CameraActivity: TAG: on camera frame here
07-02 21:27:36.733 27956-28220/ph.edu.dlsu.cmt I/CameraActivity: TAG: case VIEW_MODE_FEATURES
07-02 21:27:36.753 27956-27956/ph.edu.dlsu.cmt D/JavaCameraView: Preview Frame received. Frame size: 3110400
07-02 21:27:36.793 27956-27956/ph.edu.dlsu.cmt D/JavaCameraView: Preview Frame received. Frame size: 3110400
07-02 21:27:36.833 27956-27956/ph.edu.dlsu.cmt D/JavaCameraView: Preview Frame received. Frame size: 3110400
07-02 21:27:36.853 27956-28220/ph.edu.dlsu.cmt D/CameraBridge: mStretch value: 1.3333334
07-02 21:27:36.863 27956-27956/ph.edu.dlsu.cmt D/JavaCameraView: Preview Frame received. Frame size: 3110400
07-02 21:27:36.873 27956-28220/ph.edu.dlsu.cmt D/FpsMeter: 12.84 FPS@1920x1080
07-02 21:27:36.873 27956-28220/ph.edu.dlsu.cmt I/CameraActivity: TAG: on camera frame here
07-02 21:27:36.873 27956-28220/ph.edu.dlsu.cmt I/CameraActivity: TAG: case VIEW_MODE_FEATURES
07-02 21:27:36.913 27956-27956/ph.edu.dlsu.cmt D/JavaCameraView: Preview Frame received. Frame size: 3110400
07-02 21:27:36.933 27956-27956/ph.edu.dlsu.cmt D/JavaCameraView: Preview Frame received. Frame size: 3110400
07-02 21:27:36.953 27956-27956/ph.edu.dlsu.cmt D/JavaCameraView: Preview Frame received. Frame size: 3110400
07-02 21:27:36.993 27956-27956/ph.edu.dlsu.cmt D/JavaCameraView: Preview Frame received. Frame size: 3110400
07-02 21:27:36.993 27956-28220/ph.edu.dlsu.cmt D/CameraBridge: mStretch value: 1.3333334
07-02 21:27:37.013 27956-28220/ph.edu.dlsu.cmt D/FpsMeter: 12.84 FPS@1920x1080
07-02 21:27:37.013 27956-28220/ph.edu.dlsu.cmt I/CameraActivity: TAG: on camera frame here
07-02 21:27:37.013 27956-28220/ph.edu.dlsu.cmt I/CameraActivity: TAG: case VIEW_MODE_FEATURES
07-02 21:27:37.033 27956-27956/ph.edu.dlsu.cmt D/JavaCameraView: Preview Frame received. Frame size: 3110400
07-02 21:27:37.053 27956-27956/ph.edu.dlsu.cmt D/JavaCameraView: Preview Frame received. Frame size: 3110400
07-02 21:27:37.093 27956-27956/ph.edu.dlsu.cmt D/JavaCameraView: Preview Frame received. Frame size: 3110400
07-02 21:27:37.123 27956-27956/ph.edu.dlsu.cmt D/JavaCameraView: Preview Frame received. Frame size: 3110400
07-02 21:27:37.133 27956-28220/ph.edu.dlsu.cmt D/CameraBridge: mStretch value: 1.3333334
07-02 21:27:37.153 27956-28220/ph.edu.dlsu.cmt D/FpsMeter: 12.84 FPS@1920x1080
07-02 21:27:37.153 27956-27956/ph.edu.dlsu.cmt D/JavaCameraView: Preview Frame received. Frame size: 3110400
07-02 21:27:37.163 27956-28220/ph.edu.dlsu.cmt I/CameraActivity: TAG: on camera frame here
07-02 21:27:37.163 27956-28220/ph.edu.dlsu.cmt I/CameraActivity: TAG: case VIEW_MODE_FEATURES
07-02 21:27:37.193 27956-27956/ph.edu.dlsu.cmt D/JavaCameraView: Preview Frame received. Frame size: 3110400
07-02 21:27:37.233 27956-27956/ph.edu.dlsu.cmt D/JavaCameraView: Preview Frame received. Frame size: 3110400
07-02 21:27:37.273 27956-28220/ph.edu.dlsu.cmt D/CameraBridge: mStretch value: 1.3333334
07-02 21:27:37.293 27956-27956/ph.edu.dlsu.cmt D/JavaCameraView: Preview Frame received. Frame size: 3110400
07-02 21:27:37.293 27956-28220/ph.edu.dlsu.cmt D/FpsMeter: 12.84 FPS@1920x1080
07-02 21:27:37.303 27956-28220/ph.edu.dlsu.cmt I/CameraActivity: TAG: on camera frame here
07-02 21:27:37.303 27956-28220/ph.edu.dlsu.cmt I/CameraActivity: TAG: case VIEW_MODE_FEATURES
07-02 21:27:37.333 27956-27956/ph.edu.dlsu.cmt D/JavaCameraView: Preview Frame received. Frame size: 3110400
07-02 21:27:37.353 27956-27956/ph.edu.dlsu.cmt D/JavaCameraView: Preview Frame received. Frame size: 3110400
07-02 21:27:37.393 27956-27956/ph.edu.dlsu.cmt D/JavaCameraView: Preview Frame received. Frame size: 3110400
07-02 21:27:37.413 27956-28220/ph.edu.dlsu.cmt D/CameraBridge: mStretch value: 1.3333334
07-02 21:27:37.423 27956-27956/ph.edu.dlsu.cmt D/JavaCameraView: Preview Frame received. Frame size: 3110400
07-02 21:27:37.443 27956-28220/ph.edu.dlsu.cmt D/FpsMeter: 12.84 FPS@1920x1080
07-02 21:27:37.443 27956-28220/ph.edu.dlsu.cmt I/CameraActivity: TAG: on camera frame here
07-02 21:27:37.443 27956-28220/ph.edu.dlsu.cmt I/CameraActivity: TAG: case VIEW_MODE_FEATURES
07-02 21:27:37.463 27956-27956/ph.edu.dlsu.cmt D/JavaCameraView: Preview Frame received. Frame size: 3110400
07-02 21:27:37.493 27956-27956/ph.edu.dlsu.cmt D/JavaCameraView: Preview Frame received. Frame size: 3110400
07-02 21:27:37.523 27956-27956/ph.edu.dlsu.cmt D/JavaCameraView: Preview Frame received. Frame size: 3110400
07-02 21:27:37.553 27956-27956/ph.edu.dlsu.cmt D/JavaCameraView: Preview Frame received. Frame size: 3110400
07-02 21:27:37.563 27956-28220/ph.edu.dlsu.cmt D/CameraBridge: mStretch value: 1.3333334
07-02 21:27:37.583 27956-28220/ph.edu.dlsu.cmt I/FpsMeter: 7.67 FPS@1920x1080
07-02 21:27:37.583 27956-28220/ph.edu.dlsu.cmt D/FpsMeter: 7.67 FPS@1920x1080
07-02 21:27:37.593 27956-28220/ph.edu.dlsu.cmt I/CameraActivity: TAG: on camera frame here
07-02 21:27:37.593 27956-28220/ph.edu.dlsu.cmt I/CameraActivity: TAG: case VIEW_MODE_FEATURES
07-02 21:27:37.633 27956-27956/ph.edu.dlsu.cmt D/JavaCameraView: Preview Frame received. Frame size: 3110400
07-02 21:27:37.663 27956-27956/ph.edu.dlsu.cmt D/JavaCameraView: Preview Frame received. Frame size: 3110400
07-02 21:27:37.693 27956-27956/ph.edu.dlsu.cmt D/JavaCameraView: Preview Frame received. Frame size: 3110400
07-02 21:27:37.713 27956-28220/ph.edu.dlsu.cmt D/CameraBridge: mStretch value: 1.3333334
07-02 21:27:37.723 27956-27956/ph.edu.dlsu.cmt D/JavaCameraView: Preview Frame received. Frame size: 3110400
07-02 21:27:37.733 27956-28220/ph.edu.dlsu.cmt D/FpsMeter: 7.67 FPS@1920x1080
07-02 21:27:37.743 27956-28220/ph.edu.dlsu.cmt I/CameraActivity: TAG: on camera frame here
07-02 21:27:37.743 27956-28220/ph.edu.dlsu.cmt I/CameraActivity: TAG: case VIEW_MODE_FEATURES
07-02 21:27:37.783 27956-27956/ph.edu.dlsu.cmt D/JavaCameraView: Preview Frame received. Frame size: 3110400
07-02 21:27:37.833 27956-27956/ph.edu.dlsu.cmt D/JavaCameraView: Preview Frame received. Frame size: 3110400
07-02 21:27:37.853 27956-27956/ph.edu.dlsu.cmt D/JavaCameraView: Preview Frame received. Frame size: 3110400
07-02 21:27:37.863 27956-28220/ph.edu.dlsu.cmt D/CameraBridge: mStretch value: 1.3333334
07-02 21:27:37.883 27956-28220/ph.edu.dlsu.cmt D/FpsMeter: 7.67 FPS@1920x1080
07-02 21:27:37.883 27956-28220/ph.edu.dlsu.cmt I/CameraActivity: TAG: on camera frame here
07-02 21:27:37.883 27956-28220/ph.edu.dlsu.cmt I/CameraActivity: TAG: case VIEW_MODE_FEATURES
07-02 21:27:37.913 27956-27956/ph.edu.dlsu.cmt D/JavaCameraView: Preview Frame received. Frame size: 3110400
07-02 21:27:37.953 27956-27956/ph.edu.dlsu.cmt D/JavaCameraView: Preview Frame received. Frame size: 3110400
07-02 21:27:37.993 27956-27956/ph.edu.dlsu.cmt D/JavaCameraView: Preview Frame received. Frame size: 3110400
07-02 21:27:38.003 27956-28220/ph.edu.dlsu.cmt D/CameraBridge: mStretch value: 1.3333334
07-02 21:27:38.023 27956-27956/ph.edu.dlsu.cmt D/JavaCameraView: Preview Frame received. Frame size: 3110400
07-02 21:27:38.023 27956-28220/ph.edu.dlsu.cmt D/FpsMeter: 7.67 FPS@1920x1080
07-02 21:27:38.033 27956-28220/ph.edu.dlsu.cmt I/CameraActivity: TAG: on camera frame here
07-02 21:27:38.033 27956-28220/ph.edu.dlsu.cmt I/CameraActivity: TAG: case VIEW_MODE_FEATURES
07-02 21:27:38.063 27956-27956/ph.edu.dlsu.cmt D/JavaCameraView: Preview Frame received. Frame size: 3110400
07-02 21:27:38.093 27956-27956/ph.edu.dlsu.cmt D/JavaCameraView: Preview Frame received. Frame size: 3110400
07-02 21:27:38.123 27956-27956/ph.edu.dlsu.cmt D/JavaCameraView: Preview Frame received. Frame size: 3110400
07-02 21:27:38.143 27956-28220/ph.edu.dlsu.cmt D/CameraBridge: mStretch value: 1.3333334
07-02 21:27:38.153 27956-27956/ph.edu.dlsu.cmt D/JavaCameraView: Preview Frame received. Frame size: 3110400
07-02 21:27:38.163 27956-28220/ph.edu.dlsu.cmt D/FpsMeter: 7.67 FPS@1920x1080
07-02 21:27:38.163 27956-28220/ph.edu.dlsu.cmt I/CameraActivity: TAG: on camera frame here
07-02 21:27:38.163 27956-28220/ph.edu.dlsu.cmt I/CameraActivity: TAG: case VIEW_MODE_FEATURES
07-02 21:27:38.193 27956-27956/ph.edu.dlsu.cmt D/JavaCameraView: Preview Frame received. Frame size: 3110400
07-02 21:27:38.233 27956-27956/ph.edu.dlsu.cmt D/JavaCameraView: Preview Frame received. Frame size: 3110400
07-02 21:27:38.253 27956-27956/ph.edu.dlsu.cmt D/JavaCameraView: Preview Frame received. Frame size: 3110400
07-02 21:27:38.273 27956-28220/ph.edu.dlsu.cmt D/CameraBridge: mStretch value: 1.3333334
07-02 21:27:38.293 27956-27956/ph.edu.dlsu.cmt D/JavaCameraView: Preview Frame received. Frame size: 3110400
07-02 21:27:38.293 27956-28220/ph.edu.dlsu.cmt D/FpsMeter: 7.67 FPS@1920x1080
07-02 21:27:38.293 27956-28220/ph.edu.dlsu.cmt I/CameraActivity: TAG: on camera frame here
07-02 21:27:38.293 27956-28220/ph.edu.dlsu.cmt I/CameraActivity: TAG: case VIEW_MODE_FEATURES
07-02 21:27:38.333 27956-27956/ph.edu.dlsu.cmt D/JavaCameraView: Preview Frame received. Frame size: 3110400
07-02 21:27:38.363 27956-27956/ph.edu.dlsu.cmt D/JavaCameraView: Preview Frame received. Frame size: 3110400
07-02 21:27:38.393 27956-27956/ph.edu.dlsu.cmt D/JavaCameraView: Preview Frame received. Frame size: 3110400
07-02 21:27:38.413 27956-28220/ph.edu.dlsu.cmt D/CameraBridge: mStretch value: 1.3333334
07-02 21:27:38.423 27956-27956/ph.edu.dlsu.cmt D/JavaCameraView: Preview Frame received. Frame size: 3110400
07-02 21:27:38.433 27956-28220/ph.edu.dlsu.cmt D/FpsMeter: 7.67 FPS@1920x1080
07-02 21:27:38.433 27956-28220/ph.edu.dlsu.cmt I/CameraActivity: TAG: on camera frame here
07-02 21:27:38.433 27956-28220/ph.edu.dlsu.cmt I/CameraActivity: TAG: case VIEW_MODE_FEATURES
07-02 21:27:38.463 27956-27956/ph.edu.dlsu.cmt D/JavaCameraView: Preview Frame received. Frame size: 3110400
07-02 21:27:38.493 27956-27956/ph.edu.dlsu.cmt D/JavaCameraView: Preview Frame received. Frame size: 3110400
07-02 21:27:38.533 27956-27956/ph.edu.dlsu.cmt D/JavaCameraView: Preview Frame received. Frame size: 3110400
07-02 21:27:38.543 27956-28220/ph.edu.dlsu.cmt D/CameraBridge: mStretch value: 1.3333334
07-02 21:27:38.563 27956-27956/ph.edu.dlsu.cmt D/JavaCameraView: Preview Frame received. Frame size: 3110400
07-02 21:27:38.573 27956-28220/ph.edu.dlsu.cmt D/FpsMeter: 7.67 FPS@1920x1080
07-02 21:27:38.573 27956-28220/ph.edu.dlsu.cmt I/CameraActivity: TAG: on camera frame here
07-02 21:27:38.573 27956-28220/ph.edu.dlsu.cmt I/CameraActivity: TAG: case VIEW_MODE_FEATURES
07-02 21:27:38.613 27956-27956/ph.edu.dlsu.cmt D/JavaCameraView: Preview Frame received. Frame size: 3110400
07-02 21:27:38.653 27956-27956/ph.edu.dlsu.cmt D/JavaCameraView: Preview Frame received. Frame size: 3110400
07-02 21:27:38.693 27956-27956/ph.edu.dlsu.cmt D/JavaCameraView: Preview Frame received. Frame size: 3110400
07-02 21:27:38.713 27956-28220/ph.edu.dlsu.cmt D/CameraBridge: mStretch value: 1.3333334
07-02 21:27:38.723 27956-27956/ph.edu.dlsu.cmt D/JavaCameraView: Preview Frame received. Frame size: 3110400
07-02 21:27:38.733 27956-28220/ph.edu.dlsu.cmt D/FpsMeter: 7.67 FPS@1920x1080
07-02 21:27:38.733 27956-28220/ph.edu.dlsu.cmt I/CameraActivity: TAG: on camera frame here
07-02 21:27:38.733 27956-28220/ph.edu.dlsu.cmt I/CameraActivity: TAG: case VIEW_MODE_FEATURES
07-02 21:27:38.763 27956-27956/ph.edu.dlsu.cmt D/JavaCameraView: Preview Frame received. Frame size: 3110400
07-02 21:27:38.863 27956-28220/ph.edu.dlsu.cmt D/CameraBridge: mStretch value: 1.3333334
07-02 21:27:38.883 27956-28220/ph.edu.dlsu.cmt D/FpsMeter: 7.67 FPS@1920x1080
07-02 21:27:38.893 27956-27956/ph.edu.dlsu.cmt D/JavaCameraView: Preview Frame received. Frame size: 3110400
07-02 21:27:38.903 27956-28220/ph.edu.dlsu.cmt I/CameraActivity: TAG: on camera frame here
07-02 21:27:38.903 27956-28220/ph.edu.dlsu.cmt I/CameraActivity: TAG: case VIEW_MODE_FEATURES
07-02 21:27:38.943 27956-27956/ph.edu.dlsu.cmt D/JavaCameraView: Preview Frame received. Frame size: 3110400
07-02 21:27:38.973 27956-27956/ph.edu.dlsu.cmt D/JavaCameraView: Preview Frame received. Frame size: 3110400
07-02 21:27:38.983 27956-27956/ph.edu.dlsu.cmt D/JavaCameraView: Preview Frame received. Frame size: 3110400
07-02 21:27:39.043 27956-27956/ph.edu.dlsu.cmt D/JavaCameraView: Preview Frame received. Frame size: 3110400
07-02 21:27:39.063 27956-28220/ph.edu.dlsu.cmt D/CameraBridge: mStretch value: 1.3333334
07-02 21:27:39.083 27956-28220/ph.edu.dlsu.cmt D/FpsMeter: 7.67 FPS@1920x1080
07-02 21:27:39.093 27956-28220/ph.edu.dlsu.cmt I/CameraActivity: TAG: on camera frame here
07-02 21:27:39.093 27956-28220/ph.edu.dlsu.cmt I/CameraActivity: TAG: case VIEW_MODE_FEATURES
07-02 21:27:39.093 27956-27956/ph.edu.dlsu.cmt D/JavaCameraView: Preview Frame received. Frame size: 3110400
07-02 21:27:39.153 27956-27956/ph.edu.dlsu.cmt D/JavaCameraView: Preview Frame received. Frame size: 3110400
07-02 21:27:39.193 27956-27956/ph.edu.dlsu.cmt D/JavaCameraView: Preview Frame received. Frame size: 3110400
07-02 21:27:39.223 27956-28220/ph.edu.dlsu.cmt D/CameraBridge: mStretch value: 1.3333334
07-02 21:27:39.233 27956-27956/ph.edu.dlsu.cmt D/JavaCameraView: Preview Frame received. Frame size: 3110400
07-02 21:27:39.243 27956-28220/ph.edu.dlsu.cmt D/FpsMeter: 7.67 FPS@1920x1080
07-02 21:27:39.253 27956-28220/ph.edu.dlsu.cmt I/CameraActivity: TAG: on camera frame here
07-02 21:27:39.253 27956-28220/ph.edu.dlsu.cmt I/CameraActivity: TAG: case VIEW_MODE_FEATURES
07-02 21:27:39.273 27956-27956/ph.edu.dlsu.cmt D/JavaCameraView: Preview Frame received. Frame size: 3110400
07-02 21:27:39.343 27956-27956/ph.edu.dlsu.cmt D/JavaCameraView: Preview Frame received. Frame size: 3110400
07-02 21:27:39.393 27956-28220/ph.edu.dlsu.cmt D/CameraBridge: mStretch value: 1.3333334
07-02 21:27:39.403 27956-27956/ph.edu.dlsu.cmt D/JavaCameraView: Preview Frame received. Frame size: 3110400
07-02 21:27:39.413 27956-28220/ph.edu.dlsu.cmt D/FpsMeter: 7.67 FPS@1920x1080
07-02 21:27:39.423 27956-28220/ph.edu.dlsu.cmt I/CameraActivity: TAG: on camera frame here
07-02 21:27:39.423 27956-28220/ph.edu.dlsu.cmt I/CameraActivity: TAG: case VIEW_MODE_FEATURES
07-02 21:27:39.473 27956-27956/ph.edu.dlsu.cmt D/JavaCameraView: Preview Frame received. Frame size: 3110400
07-02 21:27:39.483 27956-27956/ph.edu.dlsu.cmt D/JavaCameraView: Preview Frame received. Frame size: 3110400
07-02 21:27:39.533 27956-27956/ph.edu.dlsu.cmt D/JavaCameraView: Preview Frame received. Frame size: 3110400
07-02 21:27:39.543 27956-28220/ph.edu.dlsu.cmt D/CameraBridge: mStretch value: 1.3333334
07-02 21:27:39.563 27956-27956/ph.edu.dlsu.cmt D/JavaCameraView: Preview Frame received. Frame size: 3110400
07-02 21:27:39.563 27956-28220/ph.edu.dlsu.cmt D/FpsMeter: 7.67 FPS@1920x1080
07-02 21:27:39.563 27956-28220/ph.edu.dlsu.cmt I/CameraActivity: TAG: on camera frame here
07-02 21:27:39.563 27956-28220/ph.edu.dlsu.cmt I/CameraActivity: TAG: case VIEW_MODE_FEATURES
07-02 21:27:39.673 27956-27956/ph.edu.dlsu.cmt D/JavaCameraView: Preview Frame received. Frame size: 3110400
07-02 21:27:39.693 27956-28220/ph.edu.dlsu.cmt D/CameraBridge: mStretch value: 1.3333334
07-02 21:27:39.693 27956-27956/ph.edu.dlsu.cmt D/JavaCameraView: Preview Frame received. Frame size: 3110400
07-02 21:27:39.713 27956-28220/ph.edu.dlsu.cmt D/FpsMeter: 7.67 FPS@1920x1080
07-02 21:27:39.713 27956-28220/ph.edu.dlsu.cmt I/CameraActivity: TAG: on camera frame here
07-02 21:27:39.713 27956-28220/ph.edu.dlsu.cmt I/CameraActivity: TAG: case VIEW_MODE_FEATURES
07-02 21:27:39.743 27956-27956/ph.edu.dlsu.cmt D/JavaCameraView: Preview Frame received. Frame size: 3110400
07-02 21:27:39.793 27956-27956/ph.edu.dlsu.cmt D/JavaCameraView: Preview Frame received. Frame size: 3110400
07-02 21:27:39.823 27956-27956/ph.edu.dlsu.cmt D/JavaCameraView: Preview Frame received. Frame size: 3110400
07-02 21:27:39.853 27956-28220/ph.edu.dlsu.cmt D/CameraBridge: mStretch value: 1.3333334
07-02 21:27:39.863 27956-27956/ph.edu.dlsu.cmt D/JavaCameraView: Preview Frame received. Frame size: 3110400
07-02 21:27:39.873 27956-28220/ph.edu.dlsu.cmt D/FpsMeter: 7.67 FPS@1920x1080
07-02 21:27:39.873 27956-28220/ph.edu.dlsu.cmt I/CameraActivity: TAG: on camera frame here
07-02 21:27:39.873 27956-28220/ph.edu.dlsu.cmt I/CameraActivity: TAG: case VIEW_MODE_FEATURES
07-02 21:27:39.903 27956-27956/ph.edu.dlsu.cmt D/JavaCameraView: Preview Frame received. Frame size: 3110400
07-02 21:27:39.933 27956-27956/ph.edu.dlsu.cmt D/JavaCameraView: Preview Frame received. Frame size: 3110400
07-02 21:27:39.963 27956-27956/ph.edu.dlsu.cmt D/JavaCameraView: Preview Frame received. Frame size: 3110400
07-02 21:27:39.993 27956-28220/ph.edu.dlsu.cmt D/CameraBridge: mStretch value: 1.3333334
07-02 21:27:39.993 27956-27956/ph.edu.dlsu.cmt D/JavaCameraView: Preview Frame received. Frame size: 3110400
07-02 21:27:40.013 27956-28220/ph.edu.dlsu.cmt D/FpsMeter: 7.67 FPS@1920x1080
07-02 21:27:40.023 27956-28220/ph.edu.dlsu.cmt I/CameraActivity: TAG: on camera frame here
07-02 21:27:40.023 27956-28220/ph.edu.dlsu.cmt I/CameraActivity: TAG: case VIEW_MODE_FEATURES
07-02 21:27:40.053 27956-27956/ph.edu.dlsu.cmt D/JavaCameraView: Preview Frame received. Frame size: 3110400
07-02 21:27:40.103 27956-27956/ph.edu.dlsu.cmt D/JavaCameraView: Preview Frame received. Frame size: 3110400
07-02 21:27:40.153 27956-28220/ph.edu.dlsu.cmt D/CameraBridge: mStretch value: 1.3333334
07-02 21:27:40.173 27956-27956/ph.edu.dlsu.cmt D/JavaCameraView: Preview Frame received. Frame size: 3110400
07-02 21:27:40.173 27956-28220/ph.edu.dlsu.cmt D/FpsMeter: 7.67 FPS@1920x1080
07-02 21:27:40.173 27956-28220/ph.edu.dlsu.cmt I/CameraActivity: TAG: on camera frame here
07-02 21:27:40.173 27956-28220/ph.edu.dlsu.cmt I/CameraActivity: TAG: case VIEW_MODE_FEATURES
07-02 21:27:40.223 27956-27966/ph.edu.dlsu.cmt W/art: Suspending all threads took: 7.231ms
07-02 21:27:40.223 27956-27956/ph.edu.dlsu.cmt D/JavaCameraView: Preview Frame received. Frame size: 3110400
07-02 21:27:40.263 27956-27956/ph.edu.dlsu.cmt D/JavaCameraView: Preview Frame received. Frame size: 3110400
07-02 21:27:40.293 27956-27956/ph.edu.dlsu.cmt D/JavaCameraView: Preview Frame received. Frame size: 3110400
07-02 21:27:40.313 27956-28220/ph.edu.dlsu.cmt D/CameraBridge: mStretch value: 1.3333334
07-02 21:27:40.333 27956-28220/ph.edu.dlsu.cmt D/FpsMeter: 7.67 FPS@1920x1080
07-02 21:27:40.343 27956-28220/ph.edu.dlsu.cmt I/CameraActivity: TAG: on camera frame here
07-02 21:27:40.343 27956-28220/ph.edu.dlsu.cmt I/CameraActivity: TAG: case VIEW_MODE_FEATURES
07-02 21:27:40.373 27956-27956/ph.edu.dlsu.cmt D/JavaCameraView: Preview Frame received. Frame size: 3110400
07-02 21:27:40.463 27956-27956/ph.edu.dlsu.cmt D/JavaCameraView: Preview Frame received. Frame size: 3110400
07-02 21:27:40.473 27956-28220/ph.edu.dlsu.cmt D/CameraBridge: mStretch value: 1.3333334
07-02 21:27:40.483 27956-27956/ph.edu.dlsu.cmt D/JavaCameraView: Preview Frame received. Frame size: 3110400
07-02 21:27:40.493 27956-28220/ph.edu.dlsu.cmt D/FpsMeter: 7.67 FPS@1920x1080
07-02 21:27:40.493 27956-28220/ph.edu.dlsu.cmt I/CameraActivity: TAG: on camera frame here
07-02 21:27:40.493 27956-28220/ph.edu.dlsu.cmt I/CameraActivity: TAG: case VIEW_MODE_FEATURES
07-02 21:27:40.533 27956-27956/ph.edu.dlsu.cmt D/JavaCameraView: Preview Frame received. Frame size: 3110400
07-02 21:27:40.613 27956-28220/ph.edu.dlsu.cmt D/CameraBridge: mStretch value: 1.3333334
07-02 21:27:40.623 27956-27956/ph.edu.dlsu.cmt D/JavaCameraView: Preview Frame received. Frame size: 3110400
07-02 21:27:40.643 27956-28220/ph.edu.dlsu.cmt I/FpsMeter: 6.55 FPS@1920x1080
07-02 21:27:40.643 27956-28220/ph.edu.dlsu.cmt D/FpsMeter: 6.55 FPS@1920x1080
07-02 21:27:40.643 27956-28220/ph.edu.dlsu.cmt I/CameraActivity: TAG: on camera frame here
07-02 21:27:40.643 27956-28220/ph.edu.dlsu.cmt I/CameraActivity: TAG: case VIEW_MODE_FEATURES
07-02 21:27:40.663 27956-27956/ph.edu.dlsu.cmt D/JavaCameraView: Preview Frame received. Frame size: 3110400
07-02 21:27:40.693 27956-27956/ph.edu.dlsu.cmt D/JavaCameraView: Preview Frame received. Frame size: 3110400
07-02 21:27:40.723 27956-27956/ph.edu.dlsu.cmt D/JavaCameraView: Preview Frame received. Frame size: 3110400
07-02 21:27:40.763 27956-27956/ph.edu.dlsu.cmt D/JavaCameraView: Preview Frame received. Frame size: 3110400
07-02 21:27:40.783 27956-28220/ph.edu.dlsu.cmt D/CameraBridge: mStretch value: 1.3333334
07-02 21:27:40.803 27956-28220/ph.edu.dlsu.cmt D/FpsMeter: 6.55 FPS@1920x1080
07-02 21:27:40.803 27956-27956/ph.edu.dlsu.cmt D/JavaCameraView: Preview Frame received. Frame size: 3110400
07-02 21:27:40.813 27956-28220/ph.edu.dlsu.cmt I/CameraActivity: TAG: on camera frame here
07-02 21:27:40.813 27956-28220/ph.edu.dlsu.cmt I/CameraActivity: TAG: case VIEW_MODE_FEATURES
07-02 21:27:40.863 27956-27956/ph.edu.dlsu.cmt D/JavaCameraView: Preview Frame received. Frame size: 3110400
07-02 21:27:40.893 27956-27956/ph.edu.dlsu.cmt D/JavaCameraView: Preview Frame received. Frame size: 3110400
07-02 21:27:40.933 27956-27956/ph.edu.dlsu.cmt D/JavaCameraView: Preview Frame received. Frame size: 3110400
07-02 21:27:40.933 27956-28220/ph.edu.dlsu.cmt D/CameraBridge: mStretch value: 1.3333334
07-02 21:27:40.963 27956-27956/ph.edu.dlsu.cmt D/JavaCameraView: Preview Frame received. Frame size: 3110400
07-02 21:27:40.963 27956-28220/ph.edu.dlsu.cmt D/FpsMeter: 6.55 FPS@1920x1080
07-02 21:27:40.983 27956-28220/ph.edu.dlsu.cmt I/CameraActivity: TAG: on camera frame here
07-02 21:27:40.983 27956-28220/ph.edu.dlsu.cmt I/CameraActivity: TAG: case VIEW_MODE_FEATURES
07-02 21:27:41.013 27956-27956/ph.edu.dlsu.cmt D/JavaCameraView: Preview Frame received. Frame size: 3110400
07-02 21:27:41.053 27956-27956/ph.edu.dlsu.cmt D/JavaCameraView: Preview Frame received. Frame size: 3110400
